[dotenv@17.3.1] injecting env (3) from .env.local -- tip: ΓÜÖ∩╕Å  enable debug logging with { debug: true }
[dotenv@17.3.1] injecting env (0) from .env.local -- tip: ≡ƒöÉ prevent building .env in docker: https://dotenvx.com/prebuild
--- FETCHING QUIZZES LIST ---
